 Entering Gaussian System, Link 0=g16
 Input=C2H6.gjf
 Output=D:\ZhangCang\Work\C2H6.out
 Initial command:
 C:\G16W\l1.exe ".\Gau-2160.inp" "D:\ZhangCang\Work\C2H6.out" /scrdir=".\"
 Entering Link 1 = C:\G16W\l1.exe PID=     16092.
  
 Copyright (c) 1988,1990,1992,1993,1995,1998,2003,2009,2016,
            Gaussian, Inc.  All Rights Reserved.
  
 This is part of the Gaussian(R) 16 program.  It is based on
 the Gaussian(R) 09 system (copyright 2009, Gaussian, Inc.),
 the Gaussian(R) 03 system (copyright 2003, Gaussian, Inc.),
 the Gaussian(R) 98 system (copyright 1998, Gaussian, Inc.),
 the Gaussian(R) 94 system (copyright 1995, Gaussian, Inc.),
 the Gaussian 92(TM) system (copyright 1992, Gaussian, Inc.),
 the Gaussian 90(TM) system (copyright 1990, Gaussian, Inc.),
 the Gaussian 88(TM) system (copyright 1988, Gaussian, Inc.),
 the Gaussian 86(TM) system (copyright 1986, Carnegie Mellon
 University), and the Gaussian 82(TM) system (copyright 1983,
 Carnegie Mellon University). Gaussian is a federally registered
 trademark of Gaussian, Inc.
  
 This software contains proprietary and confidential information,
 including trade secrets, belonging to Gaussian, Inc.
  
 This software is provided under written license and may be
 used, copied, transmitted, or stored only in accord with that
 written license.
  
 The following legend is applicable only to US Government
 contracts under FAR:
  
                    RESTRICTED RIGHTS LEGEND
  
 Use, reproduction and disclosure by the US Government is
 subject to restrictions as set forth in subparagraphs (a)
 and (c) of the Commercial Computer Software - Restricted
 Rights clause in FAR 52.227-19.
  
 Gaussian, Inc.
 340 Quinnipiac St., Bldg. 40, Wallingford CT 06492
  
  
 ---------------------------------------------------------------
 Warning -- This program may not be used in any manner that
 competes with the business of Gaussian, Inc. or will provide
 assistance to any competitor of Gaussian, Inc.  The licensee
 of this program is prohibited from giving any competitor of
 Gaussian, Inc. access to this program.  By using this program,
 the user acknowledges that Gaussian, Inc. is engaged in the
 business of creating and licensing software in the field of
 computational chemistry and represents and warrants to the
 licensee that it is not a competitor of Gaussian, Inc. and that
 it will not use this program in any manner prohibited above.
 ---------------------------------------------------------------
  

 Cite this work as:
 Gaussian 16, Revision A.03,
 M. J. Frisch, G. W. Trucks, H. B. Schlegel, G. E. Scuseria, 
 M. A. Robb, J. R. Cheeseman, G. Scalmani, V. Barone, 
 G. A. Petersson, H. Nakatsuji, X. Li, M. Caricato, A. V. Marenich, 
 J. Bloino, B. G. Janesko, R. Gomperts, B. Mennucci, H. P. Hratchian, 
 J. V. Ortiz, A. F. Izmaylov, J. L. Sonnenberg, D. Williams-Young, 
 F. Ding, F. Lipparini, F. Egidi, J. Goings, B. Peng, A. Petrone, 
 T. Henderson, D. Ranasinghe, V. G. Zakrzewski, J. Gao, N. Rega, 
 G. Zheng, W. Liang, M. Hada, M. Ehara, K. Toyota, R. Fukuda, 
 J. Hasegawa, M. Ishida, T. Nakajima, Y. Honda, O. Kitao, H. Nakai, 
 T. Vreven, K. Throssell, J. A. Montgomery, Jr., J. E. Peralta, 
 F. Ogliaro, M. J. Bearpark, J. J. Heyd, E. N. Brothers, K. N. Kudin, 
 V. N. Staroverov, T. A. Keith, R. Kobayashi, J. Normand, 
 K. Raghavachari, A. P. Rendell, J. C. Burant, S. S. Iyengar, 
 J. Tomasi, M. Cossi, J. M. Millam, M. Klene, C. Adamo, R. Cammi, 
 J. W. Ochterski, R. L. Martin, K. Morokuma, O. Farkas, 
 J. B. Foresman, and D. J. Fox, Gaussian, Inc., Wallingford CT, 2016.
 
 ******************************************
 Gaussian 16:  EM64W-G16RevA.03 17-Dec-2016
                04-Sep-2022 
 ******************************************
 %chk=C2H6.chk
 ----------
 # hf/3-21g
 ----------
 1/38=1,172=1/1;
 2/12=2,17=6,18=5,40=1/2;
 3/5=5,11=9,25=1,30=1/1,2,3;
 4//1;
 5/5=2,38=5/2;
 6/7=2,8=2,9=2,10=2,28=1/1;
 99/5=1,9=1/99;
 -------------------
 Title Card Required
 -------------------
 Symbolic Z-matrix:
 Charge =  0 Multiplicity = 1
 C
 H                    1    B1
 H                    1    B2       2    A1
 H                    1    B3       3    A2       2    D1       0
 C                    1    B4       4    A3       3    D2       0
 H                    5    B5       1    A4       4    D3       0
 H                    5    B6       1    A5       4    D4       0
 H                    5    B7       1    A6       4    D5       0
       Variables:
  B1                    1.07                     
  B2                    1.07                     
  B3                    1.07                     
  B4                    1.54                     
  B5                    1.07                     
  B6                    1.07                     
  B7                    1.07                     
  A1                  109.4712                   
  A2                  109.47122                  
  A3                  109.47122                  
  A4                  109.4712                   
  A5                  109.4712                   
  A6                  109.47123                  
  D1                 -120.                       
  D2                  120.00003                  
  D3                  -60.1111                   
  D4                   59.88892                  
  D5                  179.88891                  
 
     6 tetrahedral angles replaced.
    6 tetrahedral angles replaced.
                          Input orientation:                          
 ---------------------------------------------------------------------
 Center     Atomic      Atomic             Coordinates (Angstroms)
 Number     Number       Type             X           Y           Z
 ---------------------------------------------------------------------
      1          6           0        0.000000    0.000000    0.000000
      2          1           0        0.000000    0.000000    1.070000
      3          1           0        1.008806    0.000000   -0.356667
      4          1           0       -0.504403   -0.873651   -0.356667
      5          6           0       -0.725963    1.257405   -0.513333
      6          1           0       -0.724270    1.258384   -1.583331
      7          1           0       -1.735332    1.256427   -0.158263
      8          1           0       -0.222691    2.131055   -0.155070
 ---------------------------------------------------------------------
                    Distance matrix (angstroms):
                    1          2          3          4          5
     1  C    0.000000
     2  H    1.070000   0.000000
     3  H    1.070000   1.747303   0.000000
     4  H    1.070000   1.747303   1.747303   0.000000
     5  C    1.540000   2.148263   2.148263   2.148263   0.000000
     6  H    2.148263   3.024609   2.468154   2.469538   1.070000
     7  H    2.148263   2.469538   3.024610   2.468154   1.070000
     8  H    2.148263   2.468154   2.469539   3.024610   1.070000
                    6          7          8
     6  H    0.000000
     7  H    1.747303   0.000000
     8  H    1.747303   1.747303   0.000000
 This structure is nearly, but not quite of a higher symmetry.
 Consider Symm=Loose if the higher symmetry is desired.
 Stoichiometry    C2H6
 Framework group  C1[X(C2H6)]
 Deg. of freedom    18
 Full point group                 C1      NOp   1
 Largest Abelian subgroup         C1      NOp   1
 Largest concise Abelian subgroup C1      NOp   1
                         Standard orientation:                         
 ---------------------------------------------------------------------
 Center     Atomic      Atomic             Coordinates (Angstroms)
 Number     Number       Type             X           Y           Z
 ---------------------------------------------------------------------
      1          6           0       -0.674140   -0.106133   -0.356611
      2          1           0       -0.746949   -1.121247   -0.686978
      3          1           0       -0.738420    0.548968   -1.200182
      4          1           0       -1.473841    0.106398    0.321775
      5          6           0        0.674140    0.106133    0.356611
      6          1           0        0.747773    1.121740    0.685275
      7          1           0        0.737607   -0.547593    1.201310
      8          1           0        1.473830   -0.108267   -0.321199
 ---------------------------------------------------------------------
 Rotational constants (GHZ):          82.1231828          20.2293848          20.2293845
 Standard basis: 3-21G (6D, 7F)
 There are    30 symmetry adapted cartesian basis functions of A   symmetry.
 There are    30 symmetry adapted basis functions of A   symmetry.
    30 basis functions,    48 primitive gaussians,    30 cartesian basis functions
     9 alpha electrons        9 beta electrons
       nuclear repulsion energy        42.6703218489 Hartrees.
 NAtoms=    8 NActive=    8 NUniq=    8 SFac= 1.00D+00 NAtFMM=   60 NAOKFM=F Big=F
 Integral buffers will be    131072 words long.
 Raffenetti 1 integral format.
 Two-electron integral symmetry is turned on.
 One-electron integrals computed using PRISM.
 NBasis=    30 RedAO= T EigKep=  1.78D-02  NBF=    30
 NBsUse=    30 1.00D-06 EigRej= -1.00D+00 NBFU=    30
 ExpMin= 1.83D-01 ExpMax= 1.72D+02 ExpMxC= 1.72D+02 IAcc=3 IRadAn=         5 AccDes= 0.00D+00
 Harris functional with IExCor=  205 and IRadAn=       5 diagonalized for initial guess.
 HarFok:  IExCor=  205 AccDes= 0.00D+00 IRadAn=         5 IDoV= 1 UseB2=F ITyADJ=14
 ICtDFT=  3500011 ScaDFX=  1.000000  1.000000  1.000000  1.000000
 FoFCou: FMM=F IPFlag=           0 FMFlag=      100000 FMFlg1=           0
         NFxFlg=           0 DoJE=T BraDBF=F KetDBF=T FulRan=T
         wScrn=  0.000000 ICntrl=       500 IOpCl=  0 I1Cent=   200000004 NGrid=           0
         NMat0=    1 NMatS0=      1 NMatT0=    0 NMatD0=    1 NMtDS0=    0 NMtDT0=    0
 Petite list used in FoFCou.
 Keep R1 ints in memory in canonical form, NReq=918639.
 Requested convergence on RMS density matrix=1.00D-08 within 128 cycles.
 Requested convergence on MAX density matrix=1.00D-06.
 Requested convergence on             energy=1.00D-06.
 No special actions if energy rises.
 SCF Done:  E(RHF) =  -78.7925921171     A.U. after    9 cycles
            NFock=  9  Conv=0.67D-09     -V/T= 2.0001

 **********************************************************************

            Population analysis using the SCF density.

 **********************************************************************

 Orbital symmetries:
       Occupied  (A) (A) (A) (A) (A) (A) (A) (A) (A)
       Virtual   (A) (A) (A) (A) (A) (A) (A) (A) (A) (A) (A) (A)
                 (A) (A) (A) (A) (A) (A) (A) (A) (A)
 The electronic state is 1-A.
 Alpha  occ. eigenvalues --  -11.14547 -11.14528  -1.02478  -0.84757  -0.60700
 Alpha  occ. eigenvalues --   -0.60700  -0.49588  -0.49190  -0.49190
 Alpha virt. eigenvalues --    0.27951   0.34821   0.34821   0.35108   0.37095
 Alpha virt. eigenvalues --    0.37095   0.42219   0.90416   0.90416   0.96204
 Alpha virt. eigenvalues --    1.06805   1.06805   1.07821   1.30323   1.38440
 Alpha virt. eigenvalues --    1.38440   1.38790   1.38790   1.47599   1.95344
 Alpha virt. eigenvalues --    2.30993
          Condensed to atoms (all electrons):
               1          2          3          4          5          6
     1  C    5.359315   0.380465   0.380465   0.380465   0.242166  -0.045290
     2  H    0.380465   0.515851  -0.026390  -0.026390  -0.045290   0.003293
     3  H    0.380465  -0.026390   0.515851  -0.026390  -0.045290  -0.001949
     4  H    0.380465  -0.026390  -0.026390   0.515851  -0.045290  -0.001927
     5  C    0.242166  -0.045290  -0.045290  -0.045290   5.359315   0.380465
     6  H   -0.045290   0.003293  -0.001949  -0.001927   0.380465   0.515851
     7  H   -0.045290  -0.001927   0.003293  -0.001949   0.380465  -0.026390
     8  H   -0.045290  -0.001949  -0.001927   0.003293   0.380465  -0.026390
               7          8
     1  C   -0.045290  -0.045290
     2  H   -0.001927  -0.001949
     3  H    0.003293  -0.001927
     4  H   -0.001949   0.003293
     5  C    0.380465   0.380465
     6  H   -0.026390  -0.026390
     7  H    0.515851  -0.026390
     8  H   -0.026390   0.515851
 Mulliken charges:
               1
     1  C   -0.607006
     2  H    0.202335
     3  H    0.202335
     4  H    0.202335
     5  C   -0.607006
     6  H    0.202335
     7  H    0.202335
     8  H    0.202335
 Sum of Mulliken charges =   0.00000
 Mulliken charges with hydrogens summed into heavy atoms:
               1
     1  C    0.000000
     5  C    0.000000
 Electronic spatial extent (au):  <R**2>=            108.2290
 Charge=              0.0000 electrons
 Dipole moment (field-independent basis, Debye):
    X=              0.0000    Y=              0.0000    Z=              0.0000  Tot=              0.0000
 Quadrupole moment (field-independent basis, Debye-Ang):
   XX=            -15.5130   YY=            -14.9075   ZZ=            -15.0659
   XY=             -0.0977   XZ=             -0.3284   YZ=             -0.0517
 Traceless Quadrupole moment (field-independent basis, Debye-Ang):
   XX=             -0.3509   YY=              0.2546   ZZ=              0.0963
   XY=             -0.0977   XZ=             -0.3284   YZ=             -0.0517
 Octapole moment (field-independent basis, Debye-Ang**2):
  XXX=              0.0000  YYY=              0.0022  ZZZ=              0.0019  XYY=              0.0008
  XXY=             -0.0007  XXZ=              0.0002  XZZ=             -0.0008  YZZ=             -0.0015
  YYZ=             -0.0022  XYZ=              0.0011
 Hexadecapole moment (field-independent basis, Debye-Ang**3):
 XXXX=            -74.6702 YYYY=            -27.8493 ZZZZ=            -40.7783 XXXY=             -4.2967
 XXXZ=            -14.3421 YYYX=             -2.8859 YYYZ=             -1.1000 ZZZX=            -12.0957
 ZZZY=             -3.1550 XXYY=            -17.6618 XXZZ=            -19.1342 YYZZ=            -10.8877
 XXYZ=             -0.4476 YYXZ=             -3.4325 ZZXY=             -1.7072
 N-N= 4.267032184886D+01 E-N=-2.679959401206D+02  KE= 7.878367189942D+01
 1|1|UNPC-DESKTOP-RNC6JTU|SP|RHF|3-21G|C2H6|BNULK|04-Sep-2022|0||# hf/3
 -21g||Title Card Required||0,1|C|H,1,1.07|H,1,1.07,2,109.47122063|H,1,
 1.07,3,109.47122063,2,-120.0000006,0|C,1,1.54,4,109.47122063,3,120.000
 03407,0|H,5,1.07,1,109.47122063,4,-60.1110994,0|H,5,1.07,1,109.4712206
 3,4,59.88891539,0|H,5,1.07,1,109.47122063,4,179.88890799,0||Version=EM
 64W-G16RevA.03|State=1-A|HF=-78.7925921|RMSD=6.744e-010|Dipole=0.,0.,0
 .|Quadrupole=0.066911,-0.2007324,0.1338214,0.2317855,-0.0946265,0.1638
 975|PG=C01 [X(C2H6)]||@


 THE ONLY EXISTING THINGS ARE ATOMS AND EMPTY SPACE;
 ALL ELSE IS MERE OPINION. -- DEMOCRITUS OF ABDERA D. 370 B.C.
 EXPERIMENTS ARE THE ONLY MEANS OF KNOWLEDGE AT OUR DISPOSAL
 THE REST IS POETRY, IMAGINATION. -- MAX PLANCK
 Job cpu time:       0 days  0 hours  0 minutes  4.0 seconds.
 Elapsed time:       0 days  0 hours  0 minutes  0.8 seconds.
 File lengths (MBytes):  RWF=      6 Int=      0 D2E=      0 Chk=      1 Scr=      1
 Normal termination of Gaussian 16 at Sun Sep 04 21:13:57 2022.
